// Jest Snapshot v1, https://goo.gl/fbAQLP

exports[`Search Form render filter layout for restaurant 1`] = `ShallowWrapper {}`;
